// Jest Snapshot v1, https://goo.gl/fbAQLP

exports[`DashboardGrid should match snapshot 1`] = `
<div
  class="flex justify-center w-full min-h-screen bg-primary-900"
  data-testid="dashboard-grid"
>
  <div
    style="display: grid; grid-template-columns: 235px 600px 325px; column-gap: 60px;"
  >
    Child
  </div>
</div>
`;
