// Jest Snapshot v1, https://goo.gl/fbAQLP

exports[`ErrorMessage should match snapshot 1`] = `
<div
  class="flex rounded-8 p-3 relative w-full items-center justify-center text-button transition-transform duration-300 bg-secondary"
  data-testid="error-message"
>
  <div
    class="flex absolute cursor-pointer"
    data-testid="close-btn"
    style="top: 5px; right: 7px; width: 13px; height: 13px;"
  >
    <svg
      fill="currentColor"
      height="16"
      style="transform: rotate(45deg);"
      viewBox="0 0 16 16"
      width="16"
      xmlns="http://www.w3.org/2000/svg"
    >
      <g
        clip-path="url(#clip12)"
      >
        <path
          clip-rule="evenodd"
          d="M8 0C8.55228 0 9 0.447715 9 1V15C9 15.5523 8.55228 16 8 16C7.44772 16 7 15.5523 7 15V1C7 0.447715 7.44772 0 8 0Z"
          fill="#DEE3EA"
          fill-rule="evenodd"
        />
        <path
          clip-rule="evenodd"
          d="M0.000976562 8C0.000976562 7.44772 0.448692 7 1.00098 7H15.001C15.5533 7 16.001 7.44772 16.001 8C16.001 8.55228 15.5533 9 15.001 9H1.00098C0.448692 9 0.000976562 8.55228 0.000976562 8Z"
          fill="#DEE3EA"
          fill-rule="evenodd"
        />
      </g>
      <defs>
        <clippath
          id="clip12"
        >
          <rect
            fill="white"
            height="16"
            width="16"
          />
        </clippath>
      </defs>
    </svg>
  </div>
  <div
    class="flex space-x-4 items-center"
  >
    <div
      class="bold"
    />
  </div>
</div>
`;
