// Jest Snapshot v1, https://goo.gl/fbAQLP

exports[`Input should match snapshot 1`] = `
<input
  class="w-full py-2 px-4 rounded-8 text-primary-100 placeholder-primary-300 focus:outline-none bg-primary-700  undefined "
  data-testid="input"
/>
`;
