// Jest Snapshot v1, https://goo.gl/fbAQLP

exports[`InputErrorMsg should match snapshot 1`] = `
<div
  class="flex text-secondary"
  data-testid="input-error-msg"
/>
`;
